// Jest Snapshot v1, https://goo.gl/fbAQLP

exports[`should render Dash Board page 1`] = `
<div>
  Dashboard Page Content // add your components here :D
</div>
`;
